    Checking pomo-solo v4.0.0 (D:\文件\lwq临时文件夹\软件工程\electron_pomodoro\src-tauri)
warning: constant `SUPABASE_URL` is never used
  --> src\modules\cloud_auth.rs:20:7
   |
20 | const SUPABASE_URL: &str = "https://sjexeynibnfqxvwehnxk.supabase.co";
   |       ^^^^^^^^^^^^
   |
   = note: `#[warn(dead_code)]` (part of `#[warn(unused)]`) on by default

warning: constant `SUPABASE_ANON_KEY` is never used
  --> src\modules\cloud_auth.rs:21:7
   |
21 | const SUPABASE_ANON_KEY: &str = "sb_publishable_NtzlEhTWwC4qpSY0DEvQ0Q_ER6yJoTz";
   |       ^^^^^^^^^^^^^^^^^

warning: constant `PBKDF2_ITERATIONS` is never used
  --> src\modules\cloud_auth.rs:22:7
   |
22 | const PBKDF2_ITERATIONS: u32 = 100_000;
   |       ^^^^^^^^^^^^^^^^^

warning: constant `KEY_LENGTH` is never used
  --> src\modules\cloud_auth.rs:23:7
   |
23 | const KEY_LENGTH: usize = 32; // AES-256
   |       ^^^^^^^^^^

warning: struct `Session` is never constructed
  --> src\modules\cloud_auth.rs:27:12
   |
27 | pub struct Session {
   |            ^^^^^^^

warning: struct `Credentials` is never constructed
  --> src\modules\cloud_auth.rs:35:12
   |
35 | pub struct Credentials {
   |            ^^^^^^^^^^^

warning: function `derive_machine_key` is never used
  --> src\modules\cloud_auth.rs:43:4
   |
43 | fn derive_machine_key() -> [u8; KEY_LENGTH] {
   |    ^^^^^^^^^^^^^^^^^^

warning: function `encrypt_string` is never used
  --> src\modules\cloud_auth.rs:61:8
   |
61 | pub fn encrypt_string(plaintext: &str) -> Result<String, String> {
   |        ^^^^^^^^^^^^^^

warning: function `decrypt_string` is never used
  --> src\modules\cloud_auth.rs:80:8
   |
80 | pub fn decrypt_string(encrypted: &str) -> Result<String, String> {
   |        ^^^^^^^^^^^^^^

warning: function `hash_password` is never used
  --> src\modules\cloud_auth.rs:97:8
   |
97 | pub fn hash_password(password: &str, salt: &str) -> String {
   |        ^^^^^^^^^^^^^

warning: function `generate_salt` is never used
   --> src\modules\cloud_auth.rs:105:8
    |
105 | pub fn generate_salt() -> String {
    |        ^^^^^^^^^^^^^

warning: function `generate_client_id` is never used
   --> src\modules\cloud_auth.rs:112:8
    |
112 | pub fn generate_client_id() -> String {
    |        ^^^^^^^^^^^^^^^^^^

warning: function `get_credentials_path` is never used
   --> src\modules\cloud_auth.rs:127:4
    |
127 | fn get_credentials_path(app: &AppHandle) -> PathBuf {
    |    ^^^^^^^^^^^^^^^^^^^^

warning: function `save_credentials` is never used
   --> src\modules\cloud_auth.rs:137:8
    |
137 | pub fn save_credentials(app: &AppHandle, username: &str, password: &str, auto_login: bool) -> Result<(), String> {
    |        ^^^^^^^^^^^^^^^^

warning: function `load_credentials` is never used
   --> src\modules\cloud_auth.rs:152:8
    |
152 | pub fn load_credentials(app: &AppHandle) -> Result<Option<Credentials>, String> {
    |        ^^^^^^^^^^^^^^^^

warning: function `clear_credentials` is never used
   --> src\modules\cloud_auth.rs:174:8
    |
174 | pub fn clear_credentials(app: &AppHandle) -> Result<(), String> {
    |        ^^^^^^^^^^^^^^^^^

warning: function `base64_encode` is never used
   --> src\modules\cloud_auth.rs:184:4
    |
184 | fn base64_encode(data: &[u8]) -> String {
    |    ^^^^^^^^^^^^^

warning: function `base64_decode` is never used
   --> src\modules\cloud_auth.rs:189:4
    |
189 | fn base64_decode(s: &str) -> Result<Vec<u8>, String> {
    |    ^^^^^^^^^^^^^

warning: function `hex_encode` is never used
   --> src\modules\cloud_auth.rs:194:4
    |
194 | fn hex_encode(data: &[u8]) -> String {
    |    ^^^^^^^^^^

warning: static `GARDEN_LOCK` is never used
  --> src\modules\data_manager.rs:13:8
   |
13 | static GARDEN_LOCK: Mutex<()> = Mutex::new(());
   |        ^^^^^^^^^^^

warning: function `get_data_dir` is never used
  --> src\modules\data_manager.rs:16:4
   |
16 | fn get_data_dir(app: &AppHandle) -> PathBuf {
   |    ^^^^^^^^^^^^

warning: function `read_json_file` is never used
  --> src\modules\data_manager.rs:27:8
   |
27 | pub fn read_json_file(path: &PathBuf) -> Result<Value, String> {
   |        ^^^^^^^^^^^^^^

warning: function `write_json_file` is never used
  --> src\modules\data_manager.rs:39:8
   |
39 | pub fn write_json_file(path: &PathBuf, data: &Value) -> Result<(), String> {
   |        ^^^^^^^^^^^^^^^

warning: function `read_data` is never used
  --> src\modules\data_manager.rs:45:8
   |
45 | pub fn read_data(app: &AppHandle) -> Result<Value, String> {
   |        ^^^^^^^^^

warning: function `write_data` is never used
  --> src\modules\data_manager.rs:51:8
   |
51 | pub fn write_data(app: &AppHandle, data: &Value) -> Result<(), String> {
   |        ^^^^^^^^^^

warning: function `read_settings` is never used
  --> src\modules\data_manager.rs:57:8
   |
57 | pub fn read_settings(app: &AppHandle) -> Result<Value, String> {
   |        ^^^^^^^^^^^^^

warning: function `write_settings` is never used
  --> src\modules\data_manager.rs:63:8
   |
63 | pub fn write_settings(app: &AppHandle, settings: &Value) -> Result<(), String> {
   |        ^^^^^^^^^^^^^^

warning: function `read_garden_data` is never used
  --> src\modules\data_manager.rs:69:8
   |
69 | pub fn read_garden_data(app: &AppHandle) -> Result<Value, String> {
   |        ^^^^^^^^^^^^^^^^

warning: function `write_garden_data` is never used
  --> src\modules\data_manager.rs:76:8
   |
76 | pub fn write_garden_data(app: &AppHandle, data: &Value) -> Result<(), String> {
   |        ^^^^^^^^^^^^^^^^^

warning: struct `DetectionState` is never constructed
  --> src\modules\foreground_inspection.rs:16:12
   |
16 | pub struct DetectionState {
   |            ^^^^^^^^^^^^^^

warning: struct `DetectionResult` is never constructed
  --> src\modules\foreground_inspection.rs:32:12
   |
32 | pub struct DetectionResult {
   |            ^^^^^^^^^^^^^^^

warning: function `get_foreground_window_title` is never used
  --> src\modules\foreground_inspection.rs:41:8
   |
41 | pub fn get_foreground_window_title() -> Option<String> {
   |        ^^^^^^^^^^^^^^^^^^^^^^^^^^^

warning: function `check_is_entertainment` is never used
  --> src\modules\foreground_inspection.rs:64:14
   |
64 | pub async fn check_is_entertainment(
   |              ^^^^^^^^^^^^^^^^^^^^^^

warning: function `start_detection` is never used
   --> src\modules\foreground_inspection.rs:109:8
    |
109 | pub fn start_detection(
    |        ^^^^^^^^^^^^^^^

warning: function `stop_detection` is never used
   --> src\modules\foreground_inspection.rs:152:8
    |
152 | pub fn stop_detection(state: &DetectionState) {
    |        ^^^^^^^^^^^^^^

warning: function `set_api_key` is never used
   --> src\modules\foreground_inspection.rs:157:14
    |
157 | pub async fn set_api_key(state: &DetectionState, key: String) {
    |              ^^^^^^^^^^^

warning: struct `MusicProcess` is never constructed
  --> src\modules\music_process.rs:12:12
   |
12 | pub struct MusicProcess {
   |            ^^^^^^^^^^^^

warning: associated items `spawn`, `send_command`, and `kill` are never used
  --> src\modules\music_process.rs:18:18
   |
17 | impl MusicProcess {
   | ----------------- associated items in this implementation
18 |     pub async fn spawn(exe_path: &str) -> Result<(Self, mpsc::UnboundedReceiver<Value>), String> {
   |                  ^^^^^
...
61 |     pub async fn send_command(&mut self, cmd: &Value) -> Result<(), String> {
   |                  ^^^^^^^^^^^^
...
73 |     pub async fn kill(&mut self) {
   |                  ^^^^

warning: fields `timer_running`, `focus_mode_enabled`, and `foreground_ready` are never read
  --> src\state.rs:6:9
   |
 4 | pub struct AppState {
   |            -------- fields in this struct
 5 |     /// 计时器是否运行中
 6 |     pub timer_running: Mutex<bool>,
   |         ^^^^^^^^^^^^^
 7 |     /// 专注模式是否开启
 8 |     pub focus_mode_enabled: Mutex<bool>,
   |         ^^^^^^^^^^^^^^^^^^
 9 |     /// 前台检测是否就绪
10 |     pub foreground_ready: Mutex<bool>,
   |         ^^^^^^^^^^^^^^^^

warning: `pomo-solo` (lib) generated 39 warnings
    Finished `dev` profile [unoptimized + debuginfo] target(s) in 2.45s
